marie-curtis-park-east: no natural=beach polygon with a matching name
la-jolla-shores: no natural=beach polygon with a matching name
playa-norte: no natural=beach polygon with a matching name
bournemouth: no natural=beach polygon with a matching name
scheveningen: no natural=beach polygon with a matching name
piha: no natural=beach polygon with a matching name
sporting-plage-nice: only 187 m long
lido-plage-nice: only 149 m long
centenaire-plage-nice: only 110 m long
praia-da-conceicao-cascais: only 170 m long
vouppa-beach-agios-tychona-community: only 187 m long
agios-georgios-fragoudi-2-municipal-beach-agios-athanasios-municipality: only 67 m long
vathia-gonia-ayia-napa: only 211 m long
makronissos-beach-ayia-napa: only 242 m long
xlendi-xlendi: only 109 m long
golden-bay-manikata: only 228 m long
pretty-bay-birzebbuga: only 218 m long
saint-george-s-beach-saint-julian-s: only 161 m long
balluta-bay-saint-julian-s: only 61 m long
ir-ramla-tal-gnejna-mgarr: only 229 m long
g-adira-bay-mellie-a-2: only 195 m long
palm-beach-lido-mellie-a: only 125 m long
amazonia-beach-saint-paul-s-bay: only 111 m long
little-armier-beach-mellie-a: only 87 m long
ba-ar-ic-cag-aq-beach-naxxar: only 130 m long
san-blas-nadur: only 123 m long
paradise-bay-mellie-a: only 92 m long
qarraba-bay-mgarr: only 125 m long
ondoq-ir-rummien-qala: only 51 m long
paradise-bay-resort-beach-mellie-a: only 69 m long
bajja-tal-g-ar-a-mar-marsaxlokk: only 101 m long
st-george-s-bay-birzebbuga: only 69 m long
mgarr-ix-xini-sannat: only 56 m long
sliema-bay-saint-julian-s: only 34 m long
banj-grad-supetar: only 166 m long
plaza-ploce-grad-rijeka: only 221 m long
miljenko-i-dobrila-grad-kastela: only 219 m long
crni-molo-crikvenica: only 207 m long
way/109876540: no town or country for Крапец
way/109887753: no town or country for Дуранкулак Север
plaza-delfin-jagodje: only 93 m long
plaza-portoroz-portoroz-portorose: only 173 m long
plaza-kamp-lucija-portoroz-portorose: only 223 m long
plaza-na-svetilniku-izola-isola: only 236 m long
simonov-zaliv-baia-di-san-simone-jagodje: only 106 m long
sandycove-beach-dun-laoghaire: only 70 m long
plaza-dla-psow-rowy: only 128 m long
plaza-strzezona-ustka: only 93 m long
bettnessand-norrmjole: only 250 m long
paralepa-beach-haapsalu: only 216 m long
kardla-paargu-beach-kardla-linn: only 171 m long
vasikaholm-beach-haapsalu: only 102 m long
vanhasatamanlahden-uimaranta-kokkola: only 175 m long
munkkiniemi-beach-helsinki: only 228 m long
mansikkanokan-uimaranta-kemi: only 218 m long
kasinonranta-helsinki: only 228 m long
mansikkalahti-kotka: only 159 m long
lahdenperan-uimaranta-kokkola: only 197 m long
hietasaari-beach-vaasa: only 169 m long
plagen-beach-loviisa: only 120 m long
keskustan-uimaranta-hanko: only 239 m long
ekvalla-turku: only 120 m long
matinkylan-rantauimala-espoo: only 233 m long
knipans-badstrand-raseborg: only 188 m long
ormnas-camping-s-swimming-beach-raseborg: only 186 m long
klobben-espoo: only 163 m long
slaktiksen-uimaranta-hanko: only 176 m long
hanikan-uimaranta-espoo: only 138 m long
pitkathiekat-hamina-2: only 193 m long
tuorinniemen-uimaranta-helsinki: only 150 m long
laajasalon-uimaranta-helsinki: only 201 m long
ison-kallahden-uimaranta-helsinki: only 106 m long
mustikkamaan-uimaranta-helsinki: only 101 m long
kivenlahden-uimaranta-espoo: only 141 m long
westendin-uimaranta-espoo: only 109 m long
nunnalahden-uimaranta-naantali: only 124 m long
